// Jest Snapshot v1, https://goo.gl/fbAQLP

exports[`edit user page can show error message 1`] = `"<div>Something went wrong: Error: Failed to load</div>"`;

exports[`edit user page can show information about existing users 1`] = `"<form class=\\"user-container\\"><h1>Edit user: Peppa</h1><div><label>First Name: <input type=\\"text\\" value=\\"Peppa\\"></label></div><br><div><label>Last Name: <input type=\\"text\\" value=\\"Gris\\"></label></div><br><div><label>Email: <input type=\\"text\\" value=\\"peppa@gris.no\\"></label></div><br><button>Submit</button></form>"`;

exports[`edit user page can show loading screen 1`] = `"<h1>Loading...</h1>"`;
